// Vitest Snapshot v1

exports[`Pull Request Object > getMetadata() 1`] = `
{
  "labels": [
    {
      "description": "label-1-description",
      "id": 1,
      "name": "label-1",
    },
  ],
  "milestone": {
    "title": "milestone-1",
  },
  "number": 1,
}
`;

exports[`Pull Request Object > getMetadata() 2`] = `
{
  "labels": [
    {
      "description": undefined,
      "id": undefined,
      "name": undefined,
    },
  ],
  "milestone": {
    "title": undefined,
  },
  "number": 2,
}
`;
